[33mNextflow 26.04.6 is available - Please consider updating your version to it(B[m

 N E X T F L O W   ~  version 25.10.4

Launching `main.nf` [distracted_hilbert] DSL2 - revision: 3e1794719d

[-        ] bpc_massflowIA:COLLECT_INPUTS           -
[-        ] bpc_massflowIA:SETUP_UM_IPC             -
[-        ] bpc_massflowIA:SERVE_MODEL              -
[-        ] bpc_massflowIA:MCMC_CALIBRATION_DYNESTY -
[-        ] bpc_massflowIA:RUN_DIAGNOSTICS          -
[-        ] bpc_massflowIA:BUNDLE_OUTPUTS           -
[-        ] bpc_massflowIA:GENERATE_REPORT          -
Sampler (default: emcee): dynesty

executor >  local (2)
[dd/6b1477] bpc_massflowIA:COLLECT_INPUTS           | 1 of 1 ✔
[6e/60209a] bpc_massflowIA:SETUP_UM_IPC             | 1 of 1 ✔
[-        ] bpc_massflowIA:SERVE_MODEL              -
[-        ] bpc_massflowIA:MCMC_CALIBRATION_DYNESTY -
[-        ] bpc_massflowIA:RUN_DIAGNOSTICS          -
[-        ] bpc_massflowIA:BUNDLE_OUTPUTS           -
[-        ] bpc_massflowIA:GENERATE_REPORT          -
Sampler (default: emcee): dynesty
Creating env using conda: /tmp/mcmc-bench-three-runs.PU0OPPyX/source/mcmc/dynesty/environment.yml [cache /home/korkmazgoz/projects/mcmc-bench-test/nextflow-conda-cache/env-5f6002dab431fc8c713c106e4ef25dd4]

executor >  local (3)
[dd/6b1477] bpc_massflowIA:COLLECT_INPUTS           | 1 of 1 ✔
[6e/60209a] bpc_massflowIA:SETUP_UM_IPC             | 1 of 1 ✔
[c4/529013] bpc_massflowIA:SERVE_MODEL              | 0 of 1
[-        ] bpc_massflowIA:MCMC_CALIBRATION_DYNESTY -
[-        ] bpc_massflowIA:RUN_DIAGNOSTICS          -
[-        ] bpc_massflowIA:BUNDLE_OUTPUTS           -
[-        ] bpc_massflowIA:GENERATE_REPORT          -
Sampler (default: emcee): dynesty
Creating env using conda: /tmp/mcmc-bench-three-runs.PU0OPPyX/source/mcmc/dynesty/environment.yml [cache /home/korkmazgoz/projects/mcmc-bench-test/nextflow-conda-cache/env-5f6002dab431fc8c713c106e4ef25dd4]

executor >  local (4)
[dd/6b1477] bpc_massflowIA:COLLECT_INPUTS           | 1 of 1 ✔
[6e/60209a] bpc_massflowIA:SETUP_UM_IPC             | 1 of 1 ✔
[c4/529013] bpc_massflowIA:SERVE_MODEL              | 0 of 1
[98/a71e78] bpc_massflowIA:MCMC_CALIBRATION_DYNESTY | 0 of 1
[-        ] bpc_massflowIA:RUN_DIAGNOSTICS          -
[-        ] bpc_massflowIA:BUNDLE_OUTPUTS           -
[-        ] bpc_massflowIA:GENERATE_REPORT          -
Sampler (default: emcee): dynesty
Creating env using conda: /tmp/mcmc-bench-three-runs.PU0OPPyX/source/mcmc/dynesty/environment.yml [cache /home/korkmazgoz/projects/mcmc-bench-test/nextflow-conda-cache/env-5f6002dab431fc8c713c106e4ef25dd4]

executor >  local (5)
[dd/6b1477] bpc_massflowIA:COLLECT_INPUTS           | 1 of 1 ✔
[6e/60209a] bpc_massflowIA:SETUP_UM_IPC             | 1 of 1 ✔
[c4/529013] bpc_massflowIA:SERVE_MODEL              | 0 of 1
[98/a71e78] bpc_massflowIA:MCMC_CALIBRATION_DYNESTY | 1 of 1 ✔
[80/ba0fb1] bpc_massflowIA:RUN_DIAGNOSTICS          | 0 of 1
[-        ] bpc_massflowIA:BUNDLE_OUTPUTS           -
[-        ] bpc_massflowIA:GENERATE_REPORT          -



executor >  local (5)
[dd/6b1477] bpc_massflowIA:COLLECT_INPUTS           | 1 of 1 ✔
[6e/60209a] bpc_massflowIA:SETUP_UM_IPC             | 1 of 1 ✔
[c4/529013] bpc_massflowIA:SERVE_MODEL              | 1 of 1 ✔
[98/a71e78] bpc_massflowIA:MCMC_CALIBRATION_DYNESTY | 1 of 1 ✔
[80/ba0fb1] bpc_massflowIA:RUN_DIAGNOSTICS          | 0 of 1
[-        ] bpc_massflowIA:BUNDLE_OUTPUTS           -
[-        ] bpc_massflowIA:GENERATE_REPORT          -



executor >  local (6)
[dd/6b1477] bpc_massflowIA:COLLECT_INPUTS           | 1 of 1 ✔
[6e/60209a] bpc_massflowIA:SETUP_UM_IPC             | 1 of 1 ✔
[c4/529013] bpc_massflowIA:SERVE_MODEL              | 1 of 1 ✔
[98/a71e78] bpc_massflowIA:MCMC_CALIBRATION_DYNESTY | 1 of 1 ✔
[80/ba0fb1] bpc_massflowIA:RUN_DIAGNOSTICS          | 1 of 1 ✔
[83/b7ada5] bpc_massflowIA:BUNDLE_OUTPUTS           | 0 of 1
[-        ] bpc_massflowIA:GENERATE_REPORT          -

executor >  local (7)
[dd/6b1477] bpc_massflowIA:COLLECT_INPUTS           | 1 of 1 ✔
[6e/60209a] bpc_massflowIA:SETUP_UM_IPC             | 1 of 1 ✔
[c4/529013] bpc_massflowIA:SERVE_MODEL              | 1 of 1 ✔
[98/a71e78] bpc_massflowIA:MCMC_CALIBRATION_DYNESTY | 1 of 1 ✔
[80/ba0fb1] bpc_massflowIA:RUN_DIAGNOSTICS          | 1 of 1 ✔
[83/b7ada5] bpc_massflowIA:BUNDLE_OUTPUTS           | 1 of 1 ✔
[57/2f0ca5] bpc_massflowIA:GENERATE_REPORT          | 0 of 1

executor >  local (7)
[dd/6b1477] bpc_massflowIA:COLLECT_INPUTS           | 1 of 1 ✔
[6e/60209a] bpc_massflowIA:SETUP_UM_IPC             | 1 of 1 ✔
[c4/529013] bpc_massflowIA:SERVE_MODEL              | 1 of 1 ✔
[98/a71e78] bpc_massflowIA:MCMC_CALIBRATION_DYNESTY | 1 of 1 ✔
[80/ba0fb1] bpc_massflowIA:RUN_DIAGNOSTICS          | 1 of 1 ✔
[83/b7ada5] bpc_massflowIA:BUNDLE_OUTPUTS           | 1 of 1 ✔
[57/2f0ca5] bpc_massflowIA:GENERATE_REPORT          | 1 of 1 ✔
Completed at: 13-Aug-2026 18:27:52
Duration    : 3m 39s
CPU hours   : 0.1
Succeeded   : 7


