[33mNextflow 26.04.6 is available - Please consider updating your version to it(B[m

 N E X T F L O W   ~  version 25.10.4

Launching `main.nf` [small_yonath] DSL2 - revision: 3e1794719d

[-        ] bpc_massflowIA:COLLECT_INPUTS              -
[-        ] bpc_massflowIA:SETUP_UM_IPC                -
[-        ] bpc_massflowIA:SERVE_MODEL                 -
[-        ] bpc_massflowIA:MCMC_CALIBRATION_PYMC_SLICE -
[-        ] bpc_massflowIA:RUN_DIAGNOSTICS             -
[-        ] bpc_massflowIA:BUNDLE_OUTPUTS              -
[-        ] bpc_massflowIA:GENERATE_REPORT             -
Sampler (default: emcee): pymc_slice

executor >  local (2)
[a0/75de42] bpc_massflowIA:COLLECT_INPUTS              | 0 of 1
[7c/cafc2f] bpc_massflowIA:SETUP_UM_IPC                | 0 of 1
[-        ] bpc_massflowIA:SERVE_MODEL                 -
[-        ] bpc_massflowIA:MCMC_CALIBRATION_PYMC_SLICE -
[-        ] bpc_massflowIA:RUN_DIAGNOSTICS             -
[-        ] bpc_massflowIA:BUNDLE_OUTPUTS              -
[-        ] bpc_massflowIA:GENERATE_REPORT             -
Sampler (default: emcee): pymc_slice

executor >  local (3)
[a0/75de42] bpc_massflowIA:COLLECT_INPUTS              | 1 of 1 ✔
[7c/cafc2f] bpc_massflowIA:SETUP_UM_IPC                | 1 of 1 ✔
[1b/639c12] bpc_massflowIA:SERVE_MODEL                 | 0 of 1
[-        ] bpc_massflowIA:MCMC_CALIBRATION_PYMC_SLICE -
[-        ] bpc_massflowIA:RUN_DIAGNOSTICS             -
[-        ] bpc_massflowIA:BUNDLE_OUTPUTS              -
[-        ] bpc_massflowIA:GENERATE_REPORT             -
Sampler (default: emcee): pymc_slice
Creating env using conda: /tmp/mcmc-bench-three-runs.PU0OPPyX/source/mcmc/pymc_slice/environment.yml [cache /home/korkmazgoz/projects/mcmc-bench-test/nextflow-conda-cache/env-e9d396eb0c960d086e5a57893fa622d5]

executor >  local (4)
[a0/75de42] bpc_massflowIA:COLLECT_INPUTS              | 1 of 1 ✔
[7c/cafc2f] bpc_massflowIA:SETUP_UM_IPC                | 1 of 1 ✔
[1b/639c12] bpc_massflowIA:SERVE_MODEL                 | 0 of 1
[cc/ccf980] bpc_massflowIA:MCMC_CALIBRATION_PYMC_SLICE | 0 of 1
[-        ] bpc_massflowIA:RUN_DIAGNOSTICS             -
[-        ] bpc_massflowIA:BUNDLE_OUTPUTS              -
[-        ] bpc_massflowIA:GENERATE_REPORT             -



executor >  local (5)
[a0/75de42] bpc_massflowIA:COLLECT_INPUTS              | 1 of 1 ✔
[7c/cafc2f] bpc_massflowIA:SETUP_UM_IPC                | 1 of 1 ✔
[1b/639c12] bpc_massflowIA:SERVE_MODEL                 | 0 of 1
[cc/ccf980] bpc_massflowIA:MCMC_CALIBRATION_PYMC_SLICE | 1 of 1 ✔
[27/6ffb42] bpc_massflowIA:RUN_DIAGNOSTICS             | 0 of 1
[-        ] bpc_massflowIA:BUNDLE_OUTPUTS              -
[-        ] bpc_massflowIA:GENERATE_REPORT             -



executor >  local (5)
[a0/75de42] bpc_massflowIA:COLLECT_INPUTS              | 1 of 1 ✔
[7c/cafc2f] bpc_massflowIA:SETUP_UM_IPC                | 1 of 1 ✔
[1b/639c12] bpc_massflowIA:SERVE_MODEL                 | 0 of 1
[cc/ccf980] bpc_massflowIA:MCMC_CALIBRATION_PYMC_SLICE | 1 of 1 ✔
[27/6ffb42] bpc_massflowIA:RUN_DIAGNOSTICS             | 0 of 1
[-        ] bpc_massflowIA:BUNDLE_OUTPUTS              -
[-        ] bpc_massflowIA:GENERATE_REPORT             -

executor >  local (5)
[a0/75de42] bpc_massflowIA:COLLECT_INPUTS              | 1 of 1 ✔
[7c/cafc2f] bpc_massflowIA:SETUP_UM_IPC                | 1 of 1 ✔
[1b/639c12] bpc_massflowIA:SERVE_MODEL                 | 1 of 1 ✔
[cc/ccf980] bpc_massflowIA:MCMC_CALIBRATION_PYMC_SLICE | 1 of 1 ✔
[27/6ffb42] bpc_massflowIA:RUN_DIAGNOSTICS             | 0 of 1
[-        ] bpc_massflowIA:BUNDLE_OUTPUTS              -
[-        ] bpc_massflowIA:GENERATE_REPORT             -

executor >  local (5)
[a0/75de42] bpc_massflowIA:COLLECT_INPUTS              | 1 of 1 ✔
[7c/cafc2f] bpc_massflowIA:SETUP_UM_IPC                | 1 of 1 ✔
[1b/639c12] bpc_massflowIA:SERVE_MODEL                 | 1 of 1 ✔
[cc/ccf980] bpc_massflowIA:MCMC_CALIBRATION_PYMC_SLICE | 1 of 1 ✔
[27/6ffb42] bpc_massflowIA:RUN_DIAGNOSTICS             | 1 of 1 ✔
[-        ] bpc_massflowIA:BUNDLE_OUTPUTS              -
[-        ] bpc_massflowIA:GENERATE_REPORT             -

executor >  local (7)
[a0/75de42] bpc_massflowIA:COLLECT_INPUTS              | 1 of 1 ✔
[7c/cafc2f] bpc_massflowIA:SETUP_UM_IPC                | 1 of 1 ✔
[1b/639c12] bpc_massflowIA:SERVE_MODEL                 | 1 of 1 ✔
[cc/ccf980] bpc_massflowIA:MCMC_CALIBRATION_PYMC_SLICE | 1 of 1 ✔
[27/6ffb42] bpc_massflowIA:RUN_DIAGNOSTICS             | 1 of 1 ✔
[41/89653f] bpc_massflowIA:BUNDLE_OUTPUTS              | 1 of 1 ✔
[9c/36c712] bpc_massflowIA:GENERATE_REPORT             | 0 of 1

executor >  local (7)
[a0/75de42] bpc_massflowIA:COLLECT_INPUTS              | 1 of 1 ✔
[7c/cafc2f] bpc_massflowIA:SETUP_UM_IPC                | 1 of 1 ✔
[1b/639c12] bpc_massflowIA:SERVE_MODEL                 | 1 of 1 ✔
[cc/ccf980] bpc_massflowIA:MCMC_CALIBRATION_PYMC_SLICE | 1 of 1 ✔
[27/6ffb42] bpc_massflowIA:RUN_DIAGNOSTICS             | 1 of 1 ✔
[41/89653f] bpc_massflowIA:BUNDLE_OUTPUTS              | 1 of 1 ✔
[9c/36c712] bpc_massflowIA:GENERATE_REPORT             | 1 of 1 ✔

executor >  local (7)
[a0/75de42] bpc_massflowIA:COLLECT_INPUTS              | 1 of 1 ✔
[7c/cafc2f] bpc_massflowIA:SETUP_UM_IPC                | 1 of 1 ✔
[1b/639c12] bpc_massflowIA:SERVE_MODEL                 | 1 of 1 ✔
[cc/ccf980] bpc_massflowIA:MCMC_CALIBRATION_PYMC_SLICE | 1 of 1 ✔
[27/6ffb42] bpc_massflowIA:RUN_DIAGNOSTICS             | 1 of 1 ✔
[41/89653f] bpc_massflowIA:BUNDLE_OUTPUTS              | 1 of 1 ✔
[9c/36c712] bpc_massflowIA:GENERATE_REPORT             | 1 of 1 ✔
Completed at: 13-Aug-2026 18:20:45
Duration    : 9m 8s
CPU hours   : 0.3
Succeeded   : 7


