[33mNextflow 26.04.6 is available - Please consider updating your version to it(B[m

 N E X T F L O W   ~  version 25.10.4

Launching `main.nf` [adoring_tesla] DSL2 - revision: 3e1794719d

[-        ] bpc_massflowIA:COLLECT_INPUTS           -
[-        ] bpc_massflowIA:SETUP_UM_IPC             -
[-        ] bpc_massflowIA:SERVE_MODEL              -
[-        ] bpc_massflowIA:MCMC_CALIBRATION_DYNESTY -
[-        ] bpc_massflowIA:RUN_DIAGNOSTICS          -
[-        ] bpc_massflowIA:BUNDLE_OUTPUTS           -
[-        ] bpc_massflowIA:GENERATE_REPORT          -
Sampler (default: emcee): dynesty

executor >  local (4)
[3b/ba5a33] bpc_massflowIA:COLLECT_INPUTS           | 1 of 1 ✔
[6f/ba664f] bpc_massflowIA:SETUP_UM_IPC             | 1 of 1 ✔
[5e/ede4d2] bpc_massflowIA:SERVE_MODEL              | 0 of 1
[ad/60e72f] bpc_massflowIA:MCMC_CALIBRATION_DYNESTY | 0 of 1
[-        ] bpc_massflowIA:RUN_DIAGNOSTICS          -
[-        ] bpc_massflowIA:BUNDLE_OUTPUTS           -
[-        ] bpc_massflowIA:GENERATE_REPORT          -
Sampler (default: emcee): dynesty

executor >  local (4)
[3b/ba5a33] bpc_massflowIA:COLLECT_INPUTS           | 1 of 1 ✔
[6f/ba664f] bpc_massflowIA:SETUP_UM_IPC             | 1 of 1 ✔
[5e/ede4d2] bpc_massflowIA:SERVE_MODEL              | 0 of 1
[ad/60e72f] bpc_massflowIA:MCMC_CALIBRATION_DYNESTY | 0 of 1
[-        ] bpc_massflowIA:RUN_DIAGNOSTICS          -
[-        ] bpc_massflowIA:BUNDLE_OUTPUTS           -
[-        ] bpc_massflowIA:GENERATE_REPORT          -
Sampler (default: emcee): dynesty

executor >  local (5)
[3b/ba5a33] bpc_massflowIA:COLLECT_INPUTS           | 1 of 1 ✔
[6f/ba664f] bpc_massflowIA:SETUP_UM_IPC             | 1 of 1 ✔
[5e/ede4d2] bpc_massflowIA:SERVE_MODEL              | 0 of 1
[ad/60e72f] bpc_massflowIA:MCMC_CALIBRATION_DYNESTY | 1 of 1 ✔
[5f/ebf282] bpc_massflowIA:RUN_DIAGNOSTICS          | 0 of 1
[-        ] bpc_massflowIA:BUNDLE_OUTPUTS           -
[-        ] bpc_massflowIA:GENERATE_REPORT          -


executor >  local (5)
[3b/ba5a33] bpc_massflowIA:COLLECT_INPUTS           | 1 of 1 ✔
[6f/ba664f] bpc_massflowIA:SETUP_UM_IPC             | 1 of 1 ✔
[5e/ede4d2] bpc_massflowIA:SERVE_MODEL              | 0 of 1
[ad/60e72f] bpc_massflowIA:MCMC_CALIBRATION_DYNESTY | 1 of 1 ✔
[5f/ebf282] bpc_massflowIA:RUN_DIAGNOSTICS          | 0 of 1
[-        ] bpc_massflowIA:BUNDLE_OUTPUTS           -
[-        ] bpc_massflowIA:GENERATE_REPORT          -


executor >  local (5)
[3b/ba5a33] bpc_massflowIA:COLLECT_INPUTS           | 1 of 1 ✔
[6f/ba664f] bpc_massflowIA:SETUP_UM_IPC             | 1 of 1 ✔
[5e/ede4d2] bpc_massflowIA:SERVE_MODEL              | 1 of 1 ✔
[ad/60e72f] bpc_massflowIA:MCMC_CALIBRATION_DYNESTY | 1 of 1 ✔
[5f/ebf282] bpc_massflowIA:RUN_DIAGNOSTICS          | 0 of 1
[-        ] bpc_massflowIA:BUNDLE_OUTPUTS           -
[-        ] bpc_massflowIA:GENERATE_REPORT          -

executor >  local (7)
[3b/ba5a33] bpc_massflowIA:COLLECT_INPUTS           | 1 of 1 ✔
[6f/ba664f] bpc_massflowIA:SETUP_UM_IPC             | 1 of 1 ✔
[5e/ede4d2] bpc_massflowIA:SERVE_MODEL              | 1 of 1 ✔
[ad/60e72f] bpc_massflowIA:MCMC_CALIBRATION_DYNESTY | 1 of 1 ✔
[5f/ebf282] bpc_massflowIA:RUN_DIAGNOSTICS          | 1 of 1 ✔
[82/5340f7] bpc_massflowIA:BUNDLE_OUTPUTS           | 1 of 1 ✔
[bf/3d1b3b] bpc_massflowIA:GENERATE_REPORT          | 0 of 1

executor >  local (7)
[3b/ba5a33] bpc_massflowIA:COLLECT_INPUTS           | 1 of 1 ✔
[6f/ba664f] bpc_massflowIA:SETUP_UM_IPC             | 1 of 1 ✔
[5e/ede4d2] bpc_massflowIA:SERVE_MODEL              | 1 of 1 ✔
[ad/60e72f] bpc_massflowIA:MCMC_CALIBRATION_DYNESTY | 1 of 1 ✔
[5f/ebf282] bpc_massflowIA:RUN_DIAGNOSTICS          | 1 of 1 ✔
[82/5340f7] bpc_massflowIA:BUNDLE_OUTPUTS           | 1 of 1 ✔
[bf/3d1b3b] bpc_massflowIA:GENERATE_REPORT          | 0 of 1

executor >  local (7)
[3b/ba5a33] bpc_massflowIA:COLLECT_INPUTS           | 1 of 1 ✔
[6f/ba664f] bpc_massflowIA:SETUP_UM_IPC             | 1 of 1 ✔
[5e/ede4d2] bpc_massflowIA:SERVE_MODEL              | 1 of 1 ✔
[ad/60e72f] bpc_massflowIA:MCMC_CALIBRATION_DYNESTY | 1 of 1 ✔
[5f/ebf282] bpc_massflowIA:RUN_DIAGNOSTICS          | 1 of 1 ✔
[82/5340f7] bpc_massflowIA:BUNDLE_OUTPUTS           | 1 of 1 ✔
[bf/3d1b3b] bpc_massflowIA:GENERATE_REPORT          | 1 of 1 ✔

executor >  local (7)
[3b/ba5a33] bpc_massflowIA:COLLECT_INPUTS           | 1 of 1 ✔
[6f/ba664f] bpc_massflowIA:SETUP_UM_IPC             | 1 of 1 ✔
[5e/ede4d2] bpc_massflowIA:SERVE_MODEL              | 1 of 1 ✔
[ad/60e72f] bpc_massflowIA:MCMC_CALIBRATION_DYNESTY | 1 of 1 ✔
[5f/ebf282] bpc_massflowIA:RUN_DIAGNOSTICS          | 1 of 1 ✔
[82/5340f7] bpc_massflowIA:BUNDLE_OUTPUTS           | 1 of 1 ✔
[bf/3d1b3b] bpc_massflowIA:GENERATE_REPORT          | 1 of 1 ✔
Completed at: 13-Aug-2026 18:45:04
Duration    : 3m 34s
CPU hours   : 0.1
Succeeded   : 7


