[33mNextflow 26.04.6 is available - Please consider updating your version to it(B[m

 N E X T F L O W   ~  version 25.10.4

Launching `main.nf` [adoring_poitras] DSL2 - revision: 3e1794719d

[-        ] bpc_massflowIA:COLLECT_INPUTS         -
[-        ] bpc_massflowIA:SETUP_UM_IPC           -
[-        ] bpc_massflowIA:SERVE_MODEL            -
[-        ] bpc_massflowIA:MCMC_CALIBRATION_EMCEE -
[-        ] bpc_massflowIA:RUN_DIAGNOSTICS        -
[-        ] bpc_massflowIA:BUNDLE_OUTPUTS         -
[-        ] bpc_massflowIA:GENERATE_REPORT        -
Sampler (default: emcee): emcee

executor >  local (2)
[22/f1b158] bpc_massflowIA:COLLECT_INPUTS         | 1 of 1 ✔
[e0/f9b6ff] bpc_massflowIA:SETUP_UM_IPC           | 1 of 1 ✔
[-        ] bpc_massflowIA:SERVE_MODEL            | 0 of 1
[-        ] bpc_massflowIA:MCMC_CALIBRATION_EMCEE | 0 of 1
[-        ] bpc_massflowIA:RUN_DIAGNOSTICS        -
[-        ] bpc_massflowIA:BUNDLE_OUTPUTS         -
[-        ] bpc_massflowIA:GENERATE_REPORT        -
Sampler (default: emcee): emcee

executor >  local (4)
[22/f1b158] bpc_massflowIA:COLLECT_INPUTS         | 1 of 1 ✔
[e0/f9b6ff] bpc_massflowIA:SETUP_UM_IPC           | 1 of 1 ✔
[e9/3fae24] bpc_massflowIA:SERVE_MODEL            | 0 of 1
[c3/ee82a8] bpc_massflowIA:MCMC_CALIBRATION_EMCEE | 0 of 1
[-        ] bpc_massflowIA:RUN_DIAGNOSTICS        -
[-        ] bpc_massflowIA:BUNDLE_OUTPUTS         -
[-        ] bpc_massflowIA:GENERATE_REPORT        -
Sampler (default: emcee): emcee

executor >  local (5)
[22/f1b158] bpc_massflowIA:COLLECT_INPUTS         | 1 of 1 ✔
[e0/f9b6ff] bpc_massflowIA:SETUP_UM_IPC           | 1 of 1 ✔
[e9/3fae24] bpc_massflowIA:SERVE_MODEL            | 0 of 1
[c3/ee82a8] bpc_massflowIA:MCMC_CALIBRATION_EMCEE | 1 of 1 ✔
[50/f9b899] bpc_massflowIA:RUN_DIAGNOSTICS        | 0 of 1
[-        ] bpc_massflowIA:BUNDLE_OUTPUTS         -
[-        ] bpc_massflowIA:GENERATE_REPORT        -


executor >  local (5)
[22/f1b158] bpc_massflowIA:COLLECT_INPUTS         | 1 of 1 ✔
[e0/f9b6ff] bpc_massflowIA:SETUP_UM_IPC           | 1 of 1 ✔
[e9/3fae24] bpc_massflowIA:SERVE_MODEL            | 0 of 1
[c3/ee82a8] bpc_massflowIA:MCMC_CALIBRATION_EMCEE | 1 of 1 ✔
[50/f9b899] bpc_massflowIA:RUN_DIAGNOSTICS        | 0 of 1
[-        ] bpc_massflowIA:BUNDLE_OUTPUTS         -
[-        ] bpc_massflowIA:GENERATE_REPORT        -


executor >  local (5)
[22/f1b158] bpc_massflowIA:COLLECT_INPUTS         | 1 of 1 ✔
[e0/f9b6ff] bpc_massflowIA:SETUP_UM_IPC           | 1 of 1 ✔
[e9/3fae24] bpc_massflowIA:SERVE_MODEL            | 1 of 1 ✔
[c3/ee82a8] bpc_massflowIA:MCMC_CALIBRATION_EMCEE | 1 of 1 ✔
[50/f9b899] bpc_massflowIA:RUN_DIAGNOSTICS        | 0 of 1
[-        ] bpc_massflowIA:BUNDLE_OUTPUTS         -
[-        ] bpc_massflowIA:GENERATE_REPORT        -

executor >  local (5)
[22/f1b158] bpc_massflowIA:COLLECT_INPUTS         | 1 of 1 ✔
[e0/f9b6ff] bpc_massflowIA:SETUP_UM_IPC           | 1 of 1 ✔
[e9/3fae24] bpc_massflowIA:SERVE_MODEL            | 1 of 1 ✔
[c3/ee82a8] bpc_massflowIA:MCMC_CALIBRATION_EMCEE | 1 of 1 ✔
[50/f9b899] bpc_massflowIA:RUN_DIAGNOSTICS        | 1 of 1 ✔
[-        ] bpc_massflowIA:BUNDLE_OUTPUTS         | 0 of 1
[-        ] bpc_massflowIA:GENERATE_REPORT        -

executor >  local (7)
[22/f1b158] bpc_massflowIA:COLLECT_INPUTS         | 1 of 1 ✔
[e0/f9b6ff] bpc_massflowIA:SETUP_UM_IPC           | 1 of 1 ✔
[e9/3fae24] bpc_massflowIA:SERVE_MODEL            | 1 of 1 ✔
[c3/ee82a8] bpc_massflowIA:MCMC_CALIBRATION_EMCEE | 1 of 1 ✔
[50/f9b899] bpc_massflowIA:RUN_DIAGNOSTICS        | 1 of 1 ✔
[f6/d3d54c] bpc_massflowIA:BUNDLE_OUTPUTS         | 1 of 1 ✔
[da/a03e43] bpc_massflowIA:GENERATE_REPORT        | 0 of 1

executor >  local (7)
[22/f1b158] bpc_massflowIA:COLLECT_INPUTS         | 1 of 1 ✔
[e0/f9b6ff] bpc_massflowIA:SETUP_UM_IPC           | 1 of 1 ✔
[e9/3fae24] bpc_massflowIA:SERVE_MODEL            | 1 of 1 ✔
[c3/ee82a8] bpc_massflowIA:MCMC_CALIBRATION_EMCEE | 1 of 1 ✔
[50/f9b899] bpc_massflowIA:RUN_DIAGNOSTICS        | 1 of 1 ✔
[f6/d3d54c] bpc_massflowIA:BUNDLE_OUTPUTS         | 1 of 1 ✔
[da/a03e43] bpc_massflowIA:GENERATE_REPORT        | 1 of 1 ✔

executor >  local (7)
[22/f1b158] bpc_massflowIA:COLLECT_INPUTS         | 1 of 1 ✔
[e0/f9b6ff] bpc_massflowIA:SETUP_UM_IPC           | 1 of 1 ✔
[e9/3fae24] bpc_massflowIA:SERVE_MODEL            | 1 of 1 ✔
[c3/ee82a8] bpc_massflowIA:MCMC_CALIBRATION_EMCEE | 1 of 1 ✔
[50/f9b899] bpc_massflowIA:RUN_DIAGNOSTICS        | 1 of 1 ✔
[f6/d3d54c] bpc_massflowIA:BUNDLE_OUTPUTS         | 1 of 1 ✔
[da/a03e43] bpc_massflowIA:GENERATE_REPORT        | 1 of 1 ✔
Completed at: 13-Aug-2026 18:29:57
Duration    : 1m 24s
CPU hours   : (a few seconds)
Succeeded   : 7


