[33mNextflow 26.04.6 is available - Please consider updating your version to it(B[m

 N E X T F L O W   ~  version 25.10.4

Launching `main.nf` [exotic_brattain] DSL2 - revision: 3e1794719d

[-        ] bpc_massflowIA:COLLECT_INPUTS            -
[-        ] bpc_massflowIA:SETUP_UM_IPC              -
[-        ] bpc_massflowIA:SERVE_MODEL               -
[-        ] bpc_massflowIA:MCMC_CALIBRATION_PYMC_SMC -
[-        ] bpc_massflowIA:RUN_DIAGNOSTICS           -
[-        ] bpc_massflowIA:BUNDLE_OUTPUTS            -
[-        ] bpc_massflowIA:GENERATE_REPORT           -
Sampler (default: emcee): pymc_smc

executor >  local (4)
[f2/a91cee] bpc_massflowIA:COLLECT_INPUTS            | 1 of 1 ✔
[1c/e7caf6] bpc_massflowIA:SETUP_UM_IPC              | 1 of 1 ✔
[05/9efa70] bpc_massflowIA:SERVE_MODEL               | 0 of 1
[d4/ab2593] bpc_massflowIA:MCMC_CALIBRATION_PYMC_SMC | 0 of 1
[-        ] bpc_massflowIA:RUN_DIAGNOSTICS           -
[-        ] bpc_massflowIA:BUNDLE_OUTPUTS            -
[-        ] bpc_massflowIA:GENERATE_REPORT           -
Sampler (default: emcee): pymc_smc

executor >  local (4)
[f2/a91cee] bpc_massflowIA:COLLECT_INPUTS            | 1 of 1 ✔
[1c/e7caf6] bpc_massflowIA:SETUP_UM_IPC              | 1 of 1 ✔
[05/9efa70] bpc_massflowIA:SERVE_MODEL               | 0 of 1
[d4/ab2593] bpc_massflowIA:MCMC_CALIBRATION_PYMC_SMC | 0 of 1
[-        ] bpc_massflowIA:RUN_DIAGNOSTICS           -
[-        ] bpc_massflowIA:BUNDLE_OUTPUTS            -
[-        ] bpc_massflowIA:GENERATE_REPORT           -
Sampler (default: emcee): pymc_smc

executor >  local (5)
[f2/a91cee] bpc_massflowIA:COLLECT_INPUTS            | 1 of 1 ✔
[1c/e7caf6] bpc_massflowIA:SETUP_UM_IPC              | 1 of 1 ✔
[05/9efa70] bpc_massflowIA:SERVE_MODEL               | 0 of 1
[d4/ab2593] bpc_massflowIA:MCMC_CALIBRATION_PYMC_SMC | 1 of 1 ✔
[c8/bae10d] bpc_massflowIA:RUN_DIAGNOSTICS           | 0 of 1
[-        ] bpc_massflowIA:BUNDLE_OUTPUTS            -
[-        ] bpc_massflowIA:GENERATE_REPORT           -


executor >  local (5)
[f2/a91cee] bpc_massflowIA:COLLECT_INPUTS            | 1 of 1 ✔
[1c/e7caf6] bpc_massflowIA:SETUP_UM_IPC              | 1 of 1 ✔
[05/9efa70] bpc_massflowIA:SERVE_MODEL               | 0 of 1
[d4/ab2593] bpc_massflowIA:MCMC_CALIBRATION_PYMC_SMC | 1 of 1 ✔
[c8/bae10d] bpc_massflowIA:RUN_DIAGNOSTICS           | 0 of 1
[-        ] bpc_massflowIA:BUNDLE_OUTPUTS            -
[-        ] bpc_massflowIA:GENERATE_REPORT           -


executor >  local (5)
[f2/a91cee] bpc_massflowIA:COLLECT_INPUTS            | 1 of 1 ✔
[1c/e7caf6] bpc_massflowIA:SETUP_UM_IPC              | 1 of 1 ✔
[05/9efa70] bpc_massflowIA:SERVE_MODEL               | 1 of 1 ✔
[d4/ab2593] bpc_massflowIA:MCMC_CALIBRATION_PYMC_SMC | 1 of 1 ✔
[c8/bae10d] bpc_massflowIA:RUN_DIAGNOSTICS           | 0 of 1
[-        ] bpc_massflowIA:BUNDLE_OUTPUTS            -
[-        ] bpc_massflowIA:GENERATE_REPORT           -

executor >  local (7)
[f2/a91cee] bpc_massflowIA:COLLECT_INPUTS            | 1 of 1 ✔
[1c/e7caf6] bpc_massflowIA:SETUP_UM_IPC              | 1 of 1 ✔
[05/9efa70] bpc_massflowIA:SERVE_MODEL               | 1 of 1 ✔
[d4/ab2593] bpc_massflowIA:MCMC_CALIBRATION_PYMC_SMC | 1 of 1 ✔
[c8/bae10d] bpc_massflowIA:RUN_DIAGNOSTICS           | 1 of 1 ✔
[f9/d74fae] bpc_massflowIA:BUNDLE_OUTPUTS            | 1 of 1 ✔
[63/9225a8] bpc_massflowIA:GENERATE_REPORT           | 0 of 1

executor >  local (7)
[f2/a91cee] bpc_massflowIA:COLLECT_INPUTS            | 1 of 1 ✔
[1c/e7caf6] bpc_massflowIA:SETUP_UM_IPC              | 1 of 1 ✔
[05/9efa70] bpc_massflowIA:SERVE_MODEL               | 1 of 1 ✔
[d4/ab2593] bpc_massflowIA:MCMC_CALIBRATION_PYMC_SMC | 1 of 1 ✔
[c8/bae10d] bpc_massflowIA:RUN_DIAGNOSTICS           | 1 of 1 ✔
[f9/d74fae] bpc_massflowIA:BUNDLE_OUTPUTS            | 1 of 1 ✔
[63/9225a8] bpc_massflowIA:GENERATE_REPORT           | 0 of 1

executor >  local (7)
[f2/a91cee] bpc_massflowIA:COLLECT_INPUTS            | 1 of 1 ✔
[1c/e7caf6] bpc_massflowIA:SETUP_UM_IPC              | 1 of 1 ✔
[05/9efa70] bpc_massflowIA:SERVE_MODEL               | 1 of 1 ✔
[d4/ab2593] bpc_massflowIA:MCMC_CALIBRATION_PYMC_SMC | 1 of 1 ✔
[c8/bae10d] bpc_massflowIA:RUN_DIAGNOSTICS           | 1 of 1 ✔
[f9/d74fae] bpc_massflowIA:BUNDLE_OUTPUTS            | 1 of 1 ✔
[63/9225a8] bpc_massflowIA:GENERATE_REPORT           | 1 of 1 ✔
Completed at: 13-Aug-2026 18:41:28
Duration    : 2m 55s
CPU hours   : 0.1
Succeeded   : 7


