[33mNextflow 26.04.6 is available - Please consider updating your version to it(B[m

 N E X T F L O W   ~  version 25.10.4

Launching `main.nf` [tender_volta] DSL2 - revision: 3e1794719d

[-        ] bpc_massflowIA:COLLECT_INPUTS            | 0 of 1
[-        ] bpc_massflowIA:SETUP_UM_IPC              -
[-        ] bpc_massflowIA:SERVE_MODEL               -
[-        ] bpc_massflowIA:MCMC_CALIBRATION_PYMC_SMC -
[-        ] bpc_massflowIA:RUN_DIAGNOSTICS           -
[-        ] bpc_massflowIA:BUNDLE_OUTPUTS            -
[-        ] bpc_massflowIA:GENERATE_REPORT           -
Sampler (default: emcee): pymc_smc

executor >  local (3)
[4f/30f72c] bpc_massflowIA:COLLECT_INPUTS            | 1 of 1 ✔
[2a/1a0a6f] bpc_massflowIA:SETUP_UM_IPC              | 1 of 1 ✔
[eb/e393c4] bpc_massflowIA:SERVE_MODEL               | 0 of 1
[-        ] bpc_massflowIA:MCMC_CALIBRATION_PYMC_SMC -
[-        ] bpc_massflowIA:RUN_DIAGNOSTICS           -
[-        ] bpc_massflowIA:BUNDLE_OUTPUTS            -
[-        ] bpc_massflowIA:GENERATE_REPORT           -
Sampler (default: emcee): pymc_smc
Creating env using conda: /home/korkmazgoz/projects/mcmc-bench/mcmc/pymc_smc/environment.yml [cache /home/korkmazgoz/projects/mcmc-bench/.work/conda/env-039f63739eece82dfe7dd8c197ffb868]

executor >  local (4)
[4f/30f72c] bpc_massflowIA:COLLECT_INPUTS            | 1 of 1 ✔
[2a/1a0a6f] bpc_massflowIA:SETUP_UM_IPC              | 1 of 1 ✔
[eb/e393c4] bpc_massflowIA:SERVE_MODEL               | 0 of 1
[c8/8d3c61] bpc_massflowIA:MCMC_CALIBRATION_PYMC_SMC | 0 of 1
[-        ] bpc_massflowIA:RUN_DIAGNOSTICS           -
[-        ] bpc_massflowIA:BUNDLE_OUTPUTS            -
[-        ] bpc_massflowIA:GENERATE_REPORT           -



executor >  local (4)
[4f/30f72c] bpc_massflowIA:COLLECT_INPUTS            | 1 of 1 ✔
[2a/1a0a6f] bpc_massflowIA:SETUP_UM_IPC              | 1 of 1 ✔
[eb/e393c4] bpc_massflowIA:SERVE_MODEL               | 0 of 1
[c8/8d3c61] bpc_massflowIA:MCMC_CALIBRATION_PYMC_SMC | 0 of 1
[-        ] bpc_massflowIA:RUN_DIAGNOSTICS           -
[-        ] bpc_massflowIA:BUNDLE_OUTPUTS            -
[-        ] bpc_massflowIA:GENERATE_REPORT           -



executor >  local (5)
[4f/30f72c] bpc_massflowIA:COLLECT_INPUTS            | 1 of 1 ✔
[2a/1a0a6f] bpc_massflowIA:SETUP_UM_IPC              | 1 of 1 ✔
[eb/e393c4] bpc_massflowIA:SERVE_MODEL               | 0 of 1
[c8/8d3c61] bpc_massflowIA:MCMC_CALIBRATION_PYMC_SMC | 1 of 1 ✔
[ef/72ef86] bpc_massflowIA:RUN_DIAGNOSTICS           | 0 of 1
[-        ] bpc_massflowIA:BUNDLE_OUTPUTS            -
[-        ] bpc_massflowIA:GENERATE_REPORT           -

executor >  local (5)
[4f/30f72c] bpc_massflowIA:COLLECT_INPUTS            | 1 of 1 ✔
[2a/1a0a6f] bpc_massflowIA:SETUP_UM_IPC              | 1 of 1 ✔
[eb/e393c4] bpc_massflowIA:SERVE_MODEL               | 1 of 1 ✔
[c8/8d3c61] bpc_massflowIA:MCMC_CALIBRATION_PYMC_SMC | 1 of 1 ✔
[ef/72ef86] bpc_massflowIA:RUN_DIAGNOSTICS           | 0 of 1
[-        ] bpc_massflowIA:BUNDLE_OUTPUTS            -
[-        ] bpc_massflowIA:GENERATE_REPORT           -

executor >  local (7)
[4f/30f72c] bpc_massflowIA:COLLECT_INPUTS            | 1 of 1 ✔
[2a/1a0a6f] bpc_massflowIA:SETUP_UM_IPC              | 1 of 1 ✔
[eb/e393c4] bpc_massflowIA:SERVE_MODEL               | 1 of 1 ✔
[c8/8d3c61] bpc_massflowIA:MCMC_CALIBRATION_PYMC_SMC | 1 of 1 ✔
[ef/72ef86] bpc_massflowIA:RUN_DIAGNOSTICS           | 1 of 1 ✔
[70/5d9025] bpc_massflowIA:BUNDLE_OUTPUTS            | 1 of 1 ✔
[12/08135e] bpc_massflowIA:GENERATE_REPORT           | 0 of 1

executor >  local (7)
[4f/30f72c] bpc_massflowIA:COLLECT_INPUTS            | 1 of 1 ✔
[2a/1a0a6f] bpc_massflowIA:SETUP_UM_IPC              | 1 of 1 ✔
[eb/e393c4] bpc_massflowIA:SERVE_MODEL               | 1 of 1 ✔
[c8/8d3c61] bpc_massflowIA:MCMC_CALIBRATION_PYMC_SMC | 1 of 1 ✔
[ef/72ef86] bpc_massflowIA:RUN_DIAGNOSTICS           | 1 of 1 ✔
[70/5d9025] bpc_massflowIA:BUNDLE_OUTPUTS            | 1 of 1 ✔
[12/08135e] bpc_massflowIA:GENERATE_REPORT           | 1 of 1 ✔

executor >  local (7)
[4f/30f72c] bpc_massflowIA:COLLECT_INPUTS            | 1 of 1 ✔
[2a/1a0a6f] bpc_massflowIA:SETUP_UM_IPC              | 1 of 1 ✔
[eb/e393c4] bpc_massflowIA:SERVE_MODEL               | 1 of 1 ✔
[c8/8d3c61] bpc_massflowIA:MCMC_CALIBRATION_PYMC_SMC | 1 of 1 ✔
[ef/72ef86] bpc_massflowIA:RUN_DIAGNOSTICS           | 1 of 1 ✔
[70/5d9025] bpc_massflowIA:BUNDLE_OUTPUTS            | 1 of 1 ✔
[12/08135e] bpc_massflowIA:GENERATE_REPORT           | 1 of 1 ✔
Completed at: 13-Aug-2026 14:36:09
Duration    : 4m 15s
CPU hours   : 0.1
Succeeded   : 7


