[33mNextflow 26.04.6 is available - Please consider updating your version to it(B[m

 N E X T F L O W   ~  version 25.10.4

Launching `main.nf` [curious_thompson] DSL2 - revision: 3e1794719d

[-        ] bpc_massflowIA:COLLECT_INPUTS -
[-        ] bpc_massflowIA:SETUP_UM_IPC   -
[-        ] bpc_massflowIA:SERVE_MODEL    -
Sampler (default: emcee): rwmcmc

executor >  local (2)
[56/a8892a] bpc_massflowIA:COLLECT_INPUTS          | 0 of 1
[b2/80f084] bpc_massflowIA:SETUP_UM_IPC            | 0 of 1
[-        ] bpc_massflowIA:SERVE_MODEL             -
[-        ] bpc_massflowIA:MCMC_CALIBRATION_RWMCMC -
[-        ] bpc_massflowIA:RUN_DIAGNOSTICS         -
[-        ] bpc_massflowIA:BUNDLE_OUTPUTS          -
[-        ] bpc_massflowIA:GENERATE_REPORT         -
Sampler (default: emcee): rwmcmc

executor >  local (2)
[56/a8892a] bpc_massflowIA:COLLECT_INPUTS          | 1 of 1 ✔
[b2/80f084] bpc_massflowIA:SETUP_UM_IPC            | 1 of 1 ✔
[-        ] bpc_massflowIA:SERVE_MODEL             -
[-        ] bpc_massflowIA:MCMC_CALIBRATION_RWMCMC -
[-        ] bpc_massflowIA:RUN_DIAGNOSTICS         -
[-        ] bpc_massflowIA:BUNDLE_OUTPUTS          -
[-        ] bpc_massflowIA:GENERATE_REPORT         -
Sampler (default: emcee): rwmcmc
Creating env using conda: /home/korkmazgoz/projects/mcmc-bench/model/environment.yml [cache /home/korkmazgoz/projects/mcmc-bench/.work/conda/env-a1af59189e0e723ed5f2d98f4ccb22ae]
Creating env using conda: /home/korkmazgoz/projects/mcmc-bench/mcmc/rwmcmc/environment.yml [cache /home/korkmazgoz/projects/mcmc-bench/.work/conda/env-f3092515149443f6834c2d399f6ef6c6]

executor >  local (3)
[56/a8892a] bpc_massflowIA:COLLECT_INPUTS          | 1 of 1 ✔
[b2/80f084] bpc_massflowIA:SETUP_UM_IPC            | 1 of 1 ✔
[05/ab8842] bpc_massflowIA:SERVE_MODEL             | 0 of 1
[-        ] bpc_massflowIA:MCMC_CALIBRATION_RWMCMC -
[-        ] bpc_massflowIA:RUN_DIAGNOSTICS         -
[-        ] bpc_massflowIA:BUNDLE_OUTPUTS          -
[-        ] bpc_massflowIA:GENERATE_REPORT         -




executor >  local (4)
[56/a8892a] bpc_massflowIA:COLLECT_INPUTS          | 1 of 1 ✔
[b2/80f084] bpc_massflowIA:SETUP_UM_IPC            | 1 of 1 ✔
[05/ab8842] bpc_massflowIA:SERVE_MODEL             | 0 of 1
[45/9b657e] bpc_massflowIA:MCMC_CALIBRATION_RWMCMC | 0 of 1
[-        ] bpc_massflowIA:RUN_DIAGNOSTICS         -
[-        ] bpc_massflowIA:BUNDLE_OUTPUTS          -
[-        ] bpc_massflowIA:GENERATE_REPORT         -




executor >  local (4)
[56/a8892a] bpc_massflowIA:COLLECT_INPUTS          | 1 of 1 ✔
[b2/80f084] bpc_massflowIA:SETUP_UM_IPC            | 1 of 1 ✔
[05/ab8842] bpc_massflowIA:SERVE_MODEL             | 0 of 1
[45/9b657e] bpc_massflowIA:MCMC_CALIBRATION_RWMCMC | 0 of 1
[-        ] bpc_massflowIA:RUN_DIAGNOSTICS         -
[-        ] bpc_massflowIA:BUNDLE_OUTPUTS          -
[-        ] bpc_massflowIA:GENERATE_REPORT         -

executor >  local (4)
[56/a8892a] bpc_massflowIA:COLLECT_INPUTS          | 1 of 1 ✔
[b2/80f084] bpc_massflowIA:SETUP_UM_IPC            | 1 of 1 ✔
[05/ab8842] bpc_massflowIA:SERVE_MODEL             | 0 of 1
[45/9b657e] bpc_massflowIA:MCMC_CALIBRATION_RWMCMC | 1 of 1 ✔
[-        ] bpc_massflowIA:RUN_DIAGNOSTICS         -
[-        ] bpc_massflowIA:BUNDLE_OUTPUTS          -
[-        ] bpc_massflowIA:GENERATE_REPORT         -
Creating env using conda: /home/korkmazgoz/projects/mcmc-bench/diagnostics/environment.yml [cache /home/korkmazgoz/projects/mcmc-bench/.work/conda/env-8b7290952b41670dfe338cfdf1852e0e]

executor >  local (4)
[56/a8892a] bpc_massflowIA:COLLECT_INPUTS          | 1 of 1 ✔
[b2/80f084] bpc_massflowIA:SETUP_UM_IPC            | 1 of 1 ✔
[05/ab8842] bpc_massflowIA:SERVE_MODEL             | 1 of 1 ✔
[45/9b657e] bpc_massflowIA:MCMC_CALIBRATION_RWMCMC | 1 of 1 ✔
[-        ] bpc_massflowIA:RUN_DIAGNOSTICS         -
[-        ] bpc_massflowIA:BUNDLE_OUTPUTS          -
[-        ] bpc_massflowIA:GENERATE_REPORT         -
Creating env using conda: /home/korkmazgoz/projects/mcmc-bench/diagnostics/environment.yml [cache /home/korkmazgoz/projects/mcmc-bench/.work/conda/env-8b7290952b41670dfe338cfdf1852e0e]

executor >  local (5)
[56/a8892a] bpc_massflowIA:COLLECT_INPUTS          | 1 of 1 ✔
[b2/80f084] bpc_massflowIA:SETUP_UM_IPC            | 1 of 1 ✔
[05/ab8842] bpc_massflowIA:SERVE_MODEL             | 1 of 1 ✔
[45/9b657e] bpc_massflowIA:MCMC_CALIBRATION_RWMCMC | 1 of 1 ✔
[fb/d4d40d] bpc_massflowIA:RUN_DIAGNOSTICS         | 0 of 1
[-        ] bpc_massflowIA:BUNDLE_OUTPUTS          -
[-        ] bpc_massflowIA:GENERATE_REPORT         -
Creating env using conda: /home/korkmazgoz/projects/mcmc-bench/diagnostics/environment.yml [cache /home/korkmazgoz/projects/mcmc-bench/.work/conda/env-8b7290952b41670dfe338cfdf1852e0e]

executor >  local (5)
[56/a8892a] bpc_massflowIA:COLLECT_INPUTS          | 1 of 1 ✔
[b2/80f084] bpc_massflowIA:SETUP_UM_IPC            | 1 of 1 ✔
[05/ab8842] bpc_massflowIA:SERVE_MODEL             | 1 of 1 ✔
[45/9b657e] bpc_massflowIA:MCMC_CALIBRATION_RWMCMC | 1 of 1 ✔
[fb/d4d40d] bpc_massflowIA:RUN_DIAGNOSTICS         | 1 of 1 ✔
[-        ] bpc_massflowIA:BUNDLE_OUTPUTS          -
[-        ] bpc_massflowIA:GENERATE_REPORT         -
Creating env using conda: /home/korkmazgoz/projects/mcmc-bench/diagnostics/environment.yml [cache /home/korkmazgoz/projects/mcmc-bench/.work/conda/env-8b7290952b41670dfe338cfdf1852e0e]

executor >  local (6)
[56/a8892a] bpc_massflowIA:COLLECT_INPUTS          | 1 of 1 ✔
[b2/80f084] bpc_massflowIA:SETUP_UM_IPC            | 1 of 1 ✔
[05/ab8842] bpc_massflowIA:SERVE_MODEL             | 1 of 1 ✔
[45/9b657e] bpc_massflowIA:MCMC_CALIBRATION_RWMCMC | 1 of 1 ✔
[fb/d4d40d] bpc_massflowIA:RUN_DIAGNOSTICS         | 1 of 1 ✔
[3a/dc153b] bpc_massflowIA:BUNDLE_OUTPUTS          | 1 of 1 ✔
[-        ] bpc_massflowIA:GENERATE_REPORT         -
Creating env using conda: /home/korkmazgoz/projects/mcmc-bench/diagnostics/environment.yml [cache /home/korkmazgoz/projects/mcmc-bench/.work/conda/env-8b7290952b41670dfe338cfdf1852e0e]
Creating env using conda: /home/korkmazgoz/projects/mcmc-bench/report/environment.yml [cache /home/korkmazgoz/projects/mcmc-bench/.work/conda/env-8be95219dafab911c1ed6d2c16b67a66]

executor >  local (7)
[56/a8892a] bpc_massflowIA:COLLECT_INPUTS          | 1 of 1 ✔
[b2/80f084] bpc_massflowIA:SETUP_UM_IPC            | 1 of 1 ✔
[05/ab8842] bpc_massflowIA:SERVE_MODEL             | 1 of 1 ✔
[45/9b657e] bpc_massflowIA:MCMC_CALIBRATION_RWMCMC | 1 of 1 ✔
[fb/d4d40d] bpc_massflowIA:RUN_DIAGNOSTICS         | 1 of 1 ✔
[3a/dc153b] bpc_massflowIA:BUNDLE_OUTPUTS          | 1 of 1 ✔
[38/af0120] bpc_massflowIA:GENERATE_REPORT         | 0 of 1
Creating env using conda: /home/korkmazgoz/projects/mcmc-bench/diagnostics/environment.yml [cache /home/korkmazgoz/projects/mcmc-bench/.work/conda/env-8b7290952b41670dfe338cfdf1852e0e]
Creating env using conda: /home/korkmazgoz/projects/mcmc-bench/report/environment.yml [cache /home/korkmazgoz/projects/mcmc-bench/.work/conda/env-8be95219dafab911c1ed6d2c16b67a66]

executor >  local (7)
[56/a8892a] bpc_massflowIA:COLLECT_INPUTS          | 1 of 1 ✔
[b2/80f084] bpc_massflowIA:SETUP_UM_IPC            | 1 of 1 ✔
[05/ab8842] bpc_massflowIA:SERVE_MODEL             | 1 of 1 ✔
[45/9b657e] bpc_massflowIA:MCMC_CALIBRATION_RWMCMC | 1 of 1 ✔
[fb/d4d40d] bpc_massflowIA:RUN_DIAGNOSTICS         | 1 of 1 ✔
[3a/dc153b] bpc_massflowIA:BUNDLE_OUTPUTS          | 1 of 1 ✔
[38/af0120] bpc_massflowIA:GENERATE_REPORT         | 1 of 1 ✔
Creating env using conda: /home/korkmazgoz/projects/mcmc-bench/diagnostics/environment.yml [cache /home/korkmazgoz/projects/mcmc-bench/.work/conda/env-8b7290952b41670dfe338cfdf1852e0e]
Creating env using conda: /home/korkmazgoz/projects/mcmc-bench/report/environment.yml [cache /home/korkmazgoz/projects/mcmc-bench/.work/conda/env-8be95219dafab911c1ed6d2c16b67a66]

executor >  local (7)
[56/a8892a] bpc_massflowIA:COLLECT_INPUTS          | 1 of 1 ✔
[b2/80f084] bpc_massflowIA:SETUP_UM_IPC            | 1 of 1 ✔
[05/ab8842] bpc_massflowIA:SERVE_MODEL             | 1 of 1 ✔
[45/9b657e] bpc_massflowIA:MCMC_CALIBRATION_RWMCMC | 1 of 1 ✔
[fb/d4d40d] bpc_massflowIA:RUN_DIAGNOSTICS         | 1 of 1 ✔
[3a/dc153b] bpc_massflowIA:BUNDLE_OUTPUTS          | 1 of 1 ✔
[38/af0120] bpc_massflowIA:GENERATE_REPORT         | 1 of 1 ✔
Creating env using conda: /home/korkmazgoz/projects/mcmc-bench/diagnostics/environment.yml [cache /home/korkmazgoz/projects/mcmc-bench/.work/conda/env-8b7290952b41670dfe338cfdf1852e0e]
Creating env using conda: /home/korkmazgoz/projects/mcmc-bench/report/environment.yml [cache /home/korkmazgoz/projects/mcmc-bench/.work/conda/env-8be95219dafab911c1ed6d2c16b67a66]
Completed at: 13-Aug-2026 14:20:34
Duration    : 2m 30s
CPU hours   : (a few seconds)
Succeeded   : 7


